// Jest Snapshot v1, https://goo.gl/fbAQLP

exports[`Pruebas en el componente GifExpertApp Deberia hacer toMatchSnapshot correctamente 1`] = `
<Fragment>
  <h2>
    GiftExpertApp
  </h2>
  <AddCategory
    setCategories={[Function]}
  />
  <hr />
  <ol />
</Fragment>
`;

exports[`Pruebas en el componente GifExpertApp Deber√≠a de coincidir en elementos la lista de categorias 1`] = `
<Fragment>
  <h2>
    GiftExpertApp
  </h2>
  <AddCategory
    setCategories={[Function]}
  />
  <hr />
  <ol>
    <GifGrid
      category="xyz"
      key="xyz"
    />
    <GifGrid
      category="abc"
      key="abc"
    />
  </ol>
</Fragment>
`;
